
> erp-assistant-frontend@0.1.0 build
> next build

??? Next.js 16.2.3 (Turbopack)

  Creating an optimized production build ...
??? Compiled successfully in 8.1s
  Running TypeScript ...
  Finished TypeScript in 9.7s ...
  Collecting page data using 10 workers ...
  Generating static pages using 10 workers (0/9) ...
  Generating static pages using 10 workers (2/9) 
  Generating static pages using 10 workers (4/9) 
  Generating static pages using 10 workers (6/9) 
??? Generating static pages using 10 workers (9/9) in 1836ms
  Finalizing page optimization ...

Route (app)
??? ??? /
??? ??? /_not-found
??? ??? /analytics
??? ??? /dashboard
??? ??? /documents
??? ??? /settings
??? ??? /voice


???  (Static)  prerendered as static content

